Sample Run

Mrinmoy Mondal
mmondal
2/21/2017

Script started on Tue 21 Feb 2017 21:30:22 PM EDT
bash-4.1$ ls
Document.java  LineEditor.java	Line.java  LineTest.java  sample_run
bash-4.1$ javac LineEditor.java 
bash-4.1$ ls
Document.class	Document.java  Line.class  LineEditor.class  LineEditor.java  Line.java  LineTest.java	sample_run
bash-4.1$ java LinEditor.class 
Error: Could not find or load main class LineEditor.class
bash-4.1$ java LineEditor


Menu: m           Delete line:  dl
Load file: l      Delete range:  dr
Show all: sa      Copy range:  cr
Show line:  sl    Paste lines:  pl
Show range:  sr   Write to file:  w
New line:  nl     Quit:  q
Edit line:  el    Write and quit:  wq
->nl
type line? (y/n): y
1: line one
type line? (y/n): y
2: line two
type line? (y/n): y
3: line three
type line? (y/n): y
4: line four
type line? (y/n): y
5: line five
type line? (y/n): n


Menu: m           Delete line:  dl
Load file: l      Delete range:  dr
Show all: sa      Copy range:  cr
Show line:  sl    Paste lines:  pl
Show range:  sr   Write to file:  w
New line:  nl     Quit:  q
Edit line:  el    Write and quit:  wq
->cr
from position: 1
to position: 2


Menu: m           Delete line:  dl
Load file: l      Delete range:  dr
Show all: sa      Copy range:  cr
Show line:  sl    Paste lines:  pl
Show range:  sr   Write to file:  w
New line:  nl     Quit:  q
Edit line:  el    Write and quit:  wq
->sa

1: line one
2: line two
3: line three
4: line four
5: line five



Menu: m           Delete line:  dl
Load file: l      Delete range:  dr
Show all: sa      Copy range:  cr
Show line:  sl    Paste lines:  pl
Show range:  sr   Write to file:  w
New line:  nl     Quit:  q
Edit line:  el    Write and quit:  wq
->pl
insert at position: 1


Menu: m           Delete line:  dl
Load file: l      Delete range:  dr
Show all: sa      Copy range:  cr
Show line:  sl    Paste lines:  pl
Show range:  sr   Write to file:  w
New line:  nl     Quit:  q
Edit line:  el    Write and quit:  wq
->sa

1: line one
2: line one
3: line two
4: line two
5: line three
6: line four
7: line five



Menu: m           Delete line:  dl
Load file: l      Delete range:  dr
Show all: sa      Copy range:  cr
Show line:  sl    Paste lines:  pl
Show range:  sr   Write to file:  w
New line:  nl     Quit:  q
Edit line:  el    Write and quit:  wq
->pl
insert at position: 7


Menu: m           Delete line:  dl
Load file: l      Delete range:  dr
Show all: sa      Copy range:  cr
Show line:  sl    Paste lines:  pl
Show range:  sr   Write to file:  w
New line:  nl     Quit:  q
Edit line:  el    Write and quit:  wq
->sa

1: line one
2: line one
3: line two
4: line two
5: line three
6: line four
7: line five
8: line one
9: line two



Menu: m           Delete line:  dl
Load file: l      Delete range:  dr
Show all: sa      Copy range:  cr
Show line:  sl    Paste lines:  pl
Show range:  sr   Write to file:  w
New line:  nl     Quit:  q
Edit line:  el    Write and quit:  wq
->el
Line Number -> 1

0    5    
|----+--
line one
	Show line:  s
	Copy to string buffer:  c
	Cut:  t
	Paste from string buffer:  p
	Enter new substring:  e
	Delete substring:  d
	Quit line:  q
->e
insert at position: 5
text: g

0    5    
|----+---
line gone
	Show line:  s
	Copy to string buffer:  c
	Cut:  t
	Paste from string buffer:  p
	Enter new substring:  e
	Delete substring:  d
	Quit line:  q
->s

0    5    
|----+---
line gone
	Show line:  s
	Copy to string buffer:  c
	Cut:  t
	Paste from string buffer:  p
	Enter new substring:  e
	Delete substring:  d
	Quit line:  q
->q


Menu: m           Delete line:  dl
Load file: l      Delete range:  dr
Show all: sa      Copy range:  cr
Show line:  sl    Paste lines:  pl
Show range:  sr   Write to file:  w
New line:  nl     Quit:  q
Edit line:  el    Write and quit:  wq
->sa

1: line gone
2: line one
3: line two
4: line two
5: line three
6: line four
7: line five
8: line one
9: line two



Menu: m           Delete line:  dl
Load file: l      Delete range:  dr
Show all: sa      Copy range:  cr
Show line:  sl    Paste lines:  pl
Show range:  sr   Write to file:  w
New line:  nl     Quit:  q
Edit line:  el    Write and quit:  wq
->q
bash-4.1$ exit
exit

Script done on Tue 21 Feb 2017 21:35:45 PM EDT
